[2026-09-04 07:55:05] local.ERROR: There is no permission named `create-opportunity` for guard `web`. {"exception":"[object] (Spatie\\Permission\\Exceptions\\PermissionDoesNotExist(code: 0): There is no permission named `create-opportunity` for guard `web`. at C:/010011/projects/DELTA project/back-end/vendor/spatie/laravel-permission/src/Exceptions/PermissionDoesNotExist.php:11)
[stacktrace]
#0 C:/010011/projects/DELTA project/back-end/vendor/spatie/laravel-permission/src/Models/Permission.php(109): Spatie/Permission/Exceptions/PermissionDoesNotExist::create('create-opportun...', 'web')
#1 C:/010011/projects/DELTA project/back-end/vendor/spatie/laravel-permission/src/Traits/HasPermissions.php(542): Spatie/Permission/Models/Permission::findByName('create-opportun...', 'web')
#2 C:/010011/projects/DELTA project/back-end/vendor/spatie/laravel-permission/src/Traits/HasPermissions.php(375): Spatie/Permission/Models/Role->getStoredPermission('create-opportun...')
#3 C:/010011/projects/DELTA project/back-end/vendor/laravel/framework/src/Illuminate/Collections/Traits/EnumeratesValues.php(848): Spatie/Permission/Models/Role->{closure:Spatie/Permission/Traits/HasPermissions::collectPermissions():370}(Array, 'create-opportun...', 0)
#4 C:/010011/projects/DELTA project/back-end/vendor/spatie/laravel-permission/src/Traits/HasPermissions.php(370): Illuminate/Support/Collection->reduce(Object(Closure), Array)
#5 C:/010011/projects/DELTA project/back-end/vendor/spatie/laravel-permission/src/Traits/HasPermissions.php(479): Spatie/Permission/Models/Role->collectPermissions(Array)
#6 C:/010011/projects/DELTA project/back-end/database/seeders/RolePermissionSeeder.php(56): Spatie/Permission/Models/Role->syncPermissions(Array)
#7 C:/010011/projects/DELTA project/back-end/vendor/laravel/framework/src/Illuminate/Container/BoundMethod.php(36): Database/Seeders/RolePermissionSeeder->run()
#8 C:/010011/projects/DELTA project/back-end/vendor/laravel/framework/src/Illuminate/Container/Util.php(43): Illuminate/Container/BoundMethod::{closure:Illuminate/Container/BoundMethod::call():35}()
#9 C:/010011/projects/DELTA project/back-end/vendor/laravel/framework/src/Illuminate/Container/BoundMethod.php(96): Illuminate/Container/Util::unwrapIfClosure(Object(Closure))
#10 C:/010011/projects/DELTA project/back-end/vendor/laravel/framework/src/Illuminate/Container/BoundMethod.php(35): Illuminate/Container/BoundMethod::callBoundMethod(Object(Illuminate/Foundation/Application), Array, Object(Closure))
#11 C:/010011/projects/DELTA project/back-end/vendor/laravel/framework/src/Illuminate/Container/Container.php(803): Illuminate/Container/BoundMethod::call(Object(Illuminate/Foundation/Application), Array, Array, NULL)
#12 C:/010011/projects/DELTA project/back-end/vendor/laravel/framework/src/Illuminate/Database/Seeder.php(184): Illuminate/Container/Container->call(Array, Array)
#13 C:/010011/projects/DELTA project/back-end/vendor/laravel/framework/src/Illuminate/Database/Seeder.php(191): Illuminate/Database/Seeder->{closure:Illuminate/Database/Seeder::__invoke():183}()
#14 C:/010011/projects/DELTA project/back-end/vendor/laravel/framework/src/Illuminate/Database/Seeder.php(59): Illuminate/Database/Seeder->__invoke(Array)
#15 C:/010011/projects/DELTA project/back-end/database/seeders/DatabaseSeeder.php(18): Illuminate/Database/Seeder->call('Database//Seeder...')
#16 C:/010011/projects/DELTA project/back-end/vendor/laravel/framework/src/Illuminate/Container/BoundMethod.php(36): Database/Seeders/DatabaseSeeder->run()
#17 C:/010011/projects/DELTA project/back-end/vendor/laravel/framework/src/Illuminate/Container/Util.php(43): Illuminate/Container/BoundMethod::{closure:Illuminate/Container/BoundMethod::call():35}()
#18 C:/010011/projects/DELTA project/back-end/vendor/laravel/framework/src/Illuminate/Container/BoundMethod.php(96): Illuminate/Container/Util::unwrapIfClosure(Object(Closure))
#19 C:/010011/projects/DELTA project/back-end/vendor/laravel/framework/src/Illuminate/Container/BoundMethod.php(35): Illuminate/Container/BoundMethod::callBoundMethod(Object(Illuminate/Foundation/Application), Array, Object(Closure))
#20 C:/010011/projects/DELTA project/back-end/vendor/laravel/framework/src/Illuminate/Container/Container.php(803): Illuminate/Container/BoundMethod::call(Object(Illuminate/Foundation/Application), Array, Array, NULL)
#21 C:/010011/projects/DELTA project/back-end/vendor/laravel/framework/src/Illuminate/Database/Seeder.php(184): Illuminate/Container/Container->call(Array, Array)
#22 C:/010011/projects/DELTA project/back-end/vendor/laravel/framework/src/Illuminate/Database/Eloquent/Concerns/HasEvents.php(456): Illuminate/Database/Seeder->{closure:Illuminate/Database/Seeder::__invoke():183}()
#23 C:/010011/projects/DELTA project/back-end/vendor/laravel/framework/src/Illuminate/Database/Console/Seeds/WithoutModelEvents.php(17): Illuminate/Database/Eloquent/Model::withoutEvents(Object(Closure))
#24 C:/010011/projects/DELTA project/back-end/vendor/laravel/framework/src/Illuminate/Database/Seeder.php(191): Database/Seeders/DatabaseSeeder->{closure:Illuminate/Database/Console/Seeds/WithoutModelEvents::withoutModelEvents():17}()
#25 C:/010011/projects/DELTA project/back-end/vendor/laravel/framework/src/Illuminate/Database/Console/Seeds/SeedCommand.php(89): Illuminate/Database/Seeder->__invoke()
#26 C:/010011/projects/DELTA project/back-end/vendor/laravel/framework/src/Illuminate/Database/Eloquent/Concerns/GuardsAttributes.php(188): Illuminate/Database/Console/Seeds/SeedCommand->{closure:Illuminate/Database/Console/Seeds/SeedCommand::handle():88}()
#27 C:/010011/projects/DELTA project/back-end/vendor/laravel/framework/src/Illuminate/Database/Console/Seeds/SeedCommand.php(88): Illuminate/Database/Eloquent/Model::unguarded(Object(Closure))
#28 C:/010011/projects/DELTA project/back-end/vendor/laravel/framework/src/Illuminate/Container/BoundMethod.php(36): Illuminate/Database/Console/Seeds/SeedCommand->handle()
#29 C:/010011/projects/DELTA project/back-end/vendor/laravel/framework/src/Illuminate/Container/Util.php(43): Illuminate/Container/BoundMethod::{closure:Illuminate/Container/BoundMethod::call():35}()
#30 C:/010011/projects/DELTA project/back-end/vendor/laravel/framework/src/Illuminate/Container/BoundMethod.php(96): Illuminate/Container/Util::unwrapIfClosure(Object(Closure))
#31 C:/010011/projects/DELTA project/back-end/vendor/laravel/framework/src/Illuminate/Container/BoundMethod.php(35): Illuminate/Container/BoundMethod::callBoundMethod(Object(Illuminate/Foundation/Application), Array, Object(Closure))
#32 C:/010011/projects/DELTA project/back-end/vendor/laravel/framework/src/Illuminate/Container/Container.php(803): Illuminate/Container/BoundMethod::call(Object(Illuminate/Foundation/Application), Array, Array, NULL)
#33 C:/010011/projects/DELTA project/back-end/vendor/laravel/framework/src/Illuminate/Console/Command.php(292): Illuminate/Container/Container->call(Array)
#34 C:/010011/projects/DELTA project/back-end/vendor/symfony/console/Command/Command.php(285): Illuminate/Console/Command->execute(Object(Symfony/Component/Console/Input/ArgvInput), Object(Illuminate/Console/OutputStyle))
#35 C:/010011/projects/DELTA project/back-end/vendor/laravel/framework/src/Illuminate/Console/Command.php(261): Symfony/Component/Console/Command/Command->run(Object(Symfony/Component/Console/Input/ArgvInput), Object(Illuminate/Console/OutputStyle))
#36 C:/010011/projects/DELTA project/back-end/vendor/symfony/console/Application.php(1144): Illuminate/Console/Command->run(Object(Symfony/Component/Console/Input/ArgvInput), Object(Symfony/Component/Console/Output/ConsoleOutput))
#37 C:/010011/projects/DELTA project/back-end/vendor/symfony/console/Application.php(379): Symfony/Component/Console/Application->doRunCommand(Object(Illuminate/Database/Console/Seeds/SeedCommand), Object(Symfony/Component/Console/Input/ArgvInput), Object(Symfony/Component/Console/Output/ConsoleOutput))
#38 C:/010011/projects/DELTA project/back-end/vendor/symfony/console/Application.php(218): Symfony/Component/Console/Application->doRun(Object(Symfony/Component/Console/Input/ArgvInput), Object(Symfony/Component/Console/Output/ConsoleOutput))
#39 C:/010011/projects/DELTA project/back-end/vendor/laravel/framework/src/Illuminate/Foundation/Console/Kernel.php(198): Symfony/Component/Console/Application->run(Object(Symfony/Component/Console/Input/ArgvInput), Object(Symfony/Component/Console/Output/ConsoleOutput))
#40 C:/010011/projects/DELTA project/back-end/vendor/laravel/framework/src/Illuminate/Foundation/Application.php(1242): Illuminate/Foundation/Console/Kernel->handle(Object(Symfony/Component/Console/Input/ArgvInput), Object(Symfony/Component/Console/Output/ConsoleOutput))
#41 C:/010011/projects/DELTA project/back-end/artisan(16): Illuminate/Foundation/Application->handleCommand(Object(Symfony/Component/Console/Input/ArgvInput))
#42 {main}
"} 
[2026-09-04 07:55:38] local.ERROR: SQLSTATE[23000]: Integrity constraint violation: 1062 Duplicate entry 'create-opportunity-web' for key 'permissions_name_guard_name_unique' (Connection: mysql, Host: 127.0.0.1, Port: 3306, Database: delta, SQL: insert into `permissions` (`guard_name`, `name`, `updated_at`, `created_at`) values (web, create-opportunity, 2026-09-04 07:55:38, 2026-09-04 07:55:38)) {"exception":"[object] (Illuminate\\Database\\UniqueConstraintViolationException(code: 23000): SQLSTATE[23000]: Integrity constraint violation: 1062 Duplicate entry 'create-opportunity-web' for key 'permissions_name_guard_name_unique' (Connection: mysql, Host: 127.0.0.1, Port: 3306, Database: delta, SQL: insert into `permissions` (`guard_name`, `name`, `updated_at`, `created_at`) values (web, create-opportunity, 2026-09-04 07:55:38, 2026-09-04 07:55:38)) at C:/010011/projects/DELTA project/back-end/vendor/laravel/framework/src/Illuminate/Database/Connection.php:857)
[stacktrace]
#0 C:/010011/projects/DELTA project/back-end/vendor/laravel/framework/src/Illuminate/Database/Connection.php(813): Illuminate/Database/Connection->runQueryCallback('insert into `pe...', Array, Object(Closure))
#1 C:/010011/projects/DELTA project/back-end/vendor/laravel/framework/src/Illuminate/Database/MySqlConnection.php(42): Illuminate/Database/Connection->run('insert into `pe...', Array, Object(Closure))
#2 C:/010011/projects/DELTA project/back-end/vendor/laravel/framework/src/Illuminate/Database/Query/Processors/MySqlProcessor.php(35): Illuminate/Database/MySqlConnection->insert('insert into `pe...', Array, 'id')
#3 C:/010011/projects/DELTA project/back-end/vendor/laravel/framework/src/Illuminate/Database/Query/Builder.php(4313): Illuminate/Database/Query/Processors/MySqlProcessor->processInsertGetId(Object(Illuminate/Database/Query/Builder), 'insert into `pe...', Array, 'id')
#4 C:/010011/projects/DELTA project/back-end/vendor/laravel/framework/src/Illuminate/Database/Eloquent/Builder.php(2304): Illuminate/Database/Query/Builder->insertGetId(Array, 'id')
#5 C:/010011/projects/DELTA project/back-end/vendor/laravel/framework/src/Illuminate/Database/Eloquent/Model.php(1687): Illuminate/Database/Eloquent/Builder->__call('insertGetId', Array)
#6 C:/010011/projects/DELTA project/back-end/vendor/laravel/framework/src/Illuminate/Database/Eloquent/Model.php(1603): Illuminate/Database/Eloquent/Model->insertAndSetId(Object(Illuminate/Database/Eloquent/Builder), Array)
#7 C:/010011/projects/DELTA project/back-end/vendor/laravel/framework/src/Illuminate/Database/Eloquent/Model.php(1407): Illuminate/Database/Eloquent/Model->performInsert(Object(Illuminate/Database/Eloquent/Builder))
#8 C:/010011/projects/DELTA project/back-end/vendor/laravel/framework/src/Illuminate/Database/Eloquent/Builder.php(1258): Illuminate/Database/Eloquent/Model->save()
#9 C:/010011/projects/DELTA project/back-end/vendor/laravel/framework/src/Illuminate/Support/helpers.php(393): Illuminate/Database/Eloquent/Builder->{closure:Illuminate/Database/Eloquent/Builder::create():1257}(Object(Spatie/Permission/Models/Permission))
#10 C:/010011/projects/DELTA project/back-end/vendor/laravel/framework/src/Illuminate/Database/Eloquent/Builder.php(1257): tap(Object(Spatie/Permission/Models/Permission), Object(Closure))
#11 C:/010011/projects/DELTA project/back-end/vendor/spatie/laravel-permission/src/Models/Permission.php(146): Illuminate/Database/Eloquent/Builder->create(Array)
#12 C:/010011/projects/DELTA project/back-end/database/seeders/RolePermissionSeeder.php(31): Spatie/Permission/Models/Permission::findOrCreate('create-opportun...', 'web')
#13 C:/010011/projects/DELTA project/back-end/vendor/laravel/framework/src/Illuminate/Container/BoundMethod.php(36): Database/Seeders/RolePermissionSeeder->run()
#14 C:/010011/projects/DELTA project/back-end/vendor/laravel/framework/src/Illuminate/Container/Util.php(43): Illuminate/Container/BoundMethod::{closure:Illuminate/Container/BoundMethod::call():35}()
#15 C:/010011/projects/DELTA project/back-end/vendor/laravel/framework/src/Illuminate/Container/BoundMethod.php(96): Illuminate/Container/Util::unwrapIfClosure(Object(Closure))
#16 C:/010011/projects/DELTA project/back-end/vendor/laravel/framework/src/Illuminate/Container/BoundMethod.php(35): Illuminate/Container/BoundMethod::callBoundMethod(Object(Illuminate/Foundation/Application), Array, Object(Closure))
#17 C:/010011/projects/DELTA project/back-end/vendor/laravel/framework/src/Illuminate/Container/Container.php(803): Illuminate/Container/BoundMethod::call(Object(Illuminate/Foundation/Application), Array, Array, NULL)
#18 C:/010011/projects/DELTA project/back-end/vendor/laravel/framework/src/Illuminate/Database/Seeder.php(184): Illuminate/Container/Container->call(Array, Array)
#19 C:/010011/projects/DELTA project/back-end/vendor/laravel/framework/src/Illuminate/Database/Seeder.php(191): Illuminate/Database/Seeder->{closure:Illuminate/Database/Seeder::__invoke():183}()
#20 C:/010011/projects/DELTA project/back-end/vendor/laravel/framework/src/Illuminate/Database/Seeder.php(59): Illuminate/Database/Seeder->__invoke(Array)
#21 C:/010011/projects/DELTA project/back-end/database/seeders/DatabaseSeeder.php(18): Illuminate/Database/Seeder->call('Database//Seeder...')
#22 C:/010011/projects/DELTA project/back-end/vendor/laravel/framework/src/Illuminate/Container/BoundMethod.php(36): Database/Seeders/DatabaseSeeder->run()
#23 C:/010011/projects/DELTA project/back-end/vendor/laravel/framework/src/Illuminate/Container/Util.php(43): Illuminate/Container/BoundMethod::{closure:Illuminate/Container/BoundMethod::call():35}()
#24 C:/010011/projects/DELTA project/back-end/vendor/laravel/framework/src/Illuminate/Container/BoundMethod.php(96): Illuminate/Container/Util::unwrapIfClosure(Object(Closure))
#25 C:/010011/projects/DELTA project/back-end/vendor/laravel/framework/src/Illuminate/Container/BoundMethod.php(35): Illuminate/Container/BoundMethod::callBoundMethod(Object(Illuminate/Foundation/Application), Array, Object(Closure))
#26 C:/010011/projects/DELTA project/back-end/vendor/laravel/framework/src/Illuminate/Container/Container.php(803): Illuminate/Container/BoundMethod::call(Object(Illuminate/Foundation/Application), Array, Array, NULL)
#27 C:/010011/projects/DELTA project/back-end/vendor/laravel/framework/src/Illuminate/Database/Seeder.php(184): Illuminate/Container/Container->call(Array, Array)
#28 C:/010011/projects/DELTA project/back-end/vendor/laravel/framework/src/Illuminate/Database/Eloquent/Concerns/HasEvents.php(456): Illuminate/Database/Seeder->{closure:Illuminate/Database/Seeder::__invoke():183}()
#29 C:/010011/projects/DELTA project/back-end/vendor/laravel/framework/src/Illuminate/Database/Console/Seeds/WithoutModelEvents.php(17): Illuminate/Database/Eloquent/Model::withoutEvents(Object(Closure))
#30 C:/010011/projects/DELTA project/back-end/vendor/laravel/framework/src/Illuminate/Database/Seeder.php(191): Database/Seeders/DatabaseSeeder->{closure:Illuminate/Database/Console/Seeds/WithoutModelEvents::withoutModelEvents():17}()
#31 C:/010011/projects/DELTA project/back-end/vendor/laravel/framework/src/Illuminate/Database/Console/Seeds/SeedCommand.php(89): Illuminate/Database/Seeder->__invoke()
#32 C:/010011/projects/DELTA project/back-end/vendor/laravel/framework/src/Illuminate/Database/Eloquent/Concerns/GuardsAttributes.php(188): Illuminate/Database/Console/Seeds/SeedCommand->{closure:Illuminate/Database/Console/Seeds/SeedCommand::handle():88}()
#33 C:/010011/projects/DELTA project/back-end/vendor/laravel/framework/src/Illuminate/Database/Console/Seeds/SeedCommand.php(88): Illuminate/Database/Eloquent/Model::unguarded(Object(Closure))
#34 C:/010011/projects/DELTA project/back-end/vendor/laravel/framework/src/Illuminate/Container/BoundMethod.php(36): Illuminate/Database/Console/Seeds/SeedCommand->handle()
#35 C:/010011/projects/DELTA project/back-end/vendor/laravel/framework/src/Illuminate/Container/Util.php(43): Illuminate/Container/BoundMethod::{closure:Illuminate/Container/BoundMethod::call():35}()
#36 C:/010011/projects/DELTA project/back-end/vendor/laravel/framework/src/Illuminate/Container/BoundMethod.php(96): Illuminate/Container/Util::unwrapIfClosure(Object(Closure))
#37 C:/010011/projects/DELTA project/back-end/vendor/laravel/framework/src/Illuminate/Container/BoundMethod.php(35): Illuminate/Container/BoundMethod::callBoundMethod(Object(Illuminate/Foundation/Application), Array, Object(Closure))
#38 C:/010011/projects/DELTA project/back-end/vendor/laravel/framework/src/Illuminate/Container/Container.php(803): Illuminate/Container/BoundMethod::call(Object(Illuminate/Foundation/Application), Array, Array, NULL)
#39 C:/010011/projects/DELTA project/back-end/vendor/laravel/framework/src/Illuminate/Console/Command.php(292): Illuminate/Container/Container->call(Array)
#40 C:/010011/projects/DELTA project/back-end/vendor/symfony/console/Command/Command.php(285): Illuminate/Console/Command->execute(Object(Symfony/Component/Console/Input/ArgvInput), Object(Illuminate/Console/OutputStyle))
#41 C:/010011/projects/DELTA project/back-end/vendor/laravel/framework/src/Illuminate/Console/Command.php(261): Symfony/Component/Console/Command/Command->run(Object(Symfony/Component/Console/Input/ArgvInput), Object(Illuminate/Console/OutputStyle))
#42 C:/010011/projects/DELTA project/back-end/vendor/symfony/console/Application.php(1144): Illuminate/Console/Command->run(Object(Symfony/Component/Console/Input/ArgvInput), Object(Symfony/Component/Console/Output/ConsoleOutput))
#43 C:/010011/projects/DELTA project/back-end/vendor/symfony/console/Application.php(379): Symfony/Component/Console/Application->doRunCommand(Object(Illuminate/Database/Console/Seeds/SeedCommand), Object(Symfony/Component/Console/Input/ArgvInput), Object(Symfony/Component/Console/Output/ConsoleOutput))
#44 C:/010011/projects/DELTA project/back-end/vendor/symfony/console/Application.php(218): Symfony/Component/Console/Application->doRun(Object(Symfony/Component/Console/Input/ArgvInput), Object(Symfony/Component/Console/Output/ConsoleOutput))
#45 C:/010011/projects/DELTA project/back-end/vendor/laravel/framework/src/Illuminate/Foundation/Console/Kernel.php(198): Symfony/Component/Console/Application->run(Object(Symfony/Component/Console/Input/ArgvInput), Object(Symfony/Component/Console/Output/ConsoleOutput))
#46 C:/010011/projects/DELTA project/back-end/vendor/laravel/framework/src/Illuminate/Foundation/Application.php(1242): Illuminate/Foundation/Console/Kernel->handle(Object(Symfony/Component/Console/Input/ArgvInput), Object(Symfony/Component/Console/Output/ConsoleOutput))
#47 C:/010011/projects/DELTA project/back-end/artisan(16): Illuminate/Foundation/Application->handleCommand(Object(Symfony/Component/Console/Input/ArgvInput))
#48 {main}

[previous exception] [object] (PDOException(code: 23000): SQLSTATE[23000]: Integrity constraint violation: 1062 Duplicate entry 'create-opportunity-web' for key 'permissions_name_guard_name_unique' at C:/010011/projects/DELTA project/back-end/vendor/laravel/framework/src/Illuminate/Database/MySqlConnection.php:53)
[stacktrace]
#0 C:/010011/projects/DELTA project/back-end/vendor/laravel/framework/src/Illuminate/Database/MySqlConnection.php(53): PDOStatement->execute()
#1 C:/010011/projects/DELTA project/back-end/vendor/laravel/framework/src/Illuminate/Database/Connection.php(846): Illuminate/Database/MySqlConnection->{closure:Illuminate/Database/MySqlConnection::insert():42}('insert into `pe...', Array)
#2 C:/010011/projects/DELTA project/back-end/vendor/laravel/framework/src/Illuminate/Database/Connection.php(813): Illuminate/Database/Connection->runQueryCallback('insert into `pe...', Array, Object(Closure))
#3 C:/010011/projects/DELTA project/back-end/vendor/laravel/framework/src/Illuminate/Database/MySqlConnection.php(42): Illuminate/Database/Connection->run('insert into `pe...', Array, Object(Closure))
#4 C:/010011/projects/DELTA project/back-end/vendor/laravel/framework/src/Illuminate/Database/Query/Processors/MySqlProcessor.php(35): Illuminate/Database/MySqlConnection->insert('insert into `pe...', Array, 'id')
#5 C:/010011/projects/DELTA project/back-end/vendor/laravel/framework/src/Illuminate/Database/Query/Builder.php(4313): Illuminate/Database/Query/Processors/MySqlProcessor->processInsertGetId(Object(Illuminate/Database/Query/Builder), 'insert into `pe...', Array, 'id')
#6 C:/010011/projects/DELTA project/back-end/vendor/laravel/framework/src/Illuminate/Database/Eloquent/Builder.php(2304): Illuminate/Database/Query/Builder->insertGetId(Array, 'id')
#7 C:/010011/projects/DELTA project/back-end/vendor/laravel/framework/src/Illuminate/Database/Eloquent/Model.php(1687): Illuminate/Database/Eloquent/Builder->__call('insertGetId', Array)
#8 C:/010011/projects/DELTA project/back-end/vendor/laravel/framework/src/Illuminate/Database/Eloquent/Model.php(1603): Illuminate/Database/Eloquent/Model->insertAndSetId(Object(Illuminate/Database/Eloquent/Builder), Array)
#9 C:/010011/projects/DELTA project/back-end/vendor/laravel/framework/src/Illuminate/Database/Eloquent/Model.php(1407): Illuminate/Database/Eloquent/Model->performInsert(Object(Illuminate/Database/Eloquent/Builder))
#10 C:/010011/projects/DELTA project/back-end/vendor/laravel/framework/src/Illuminate/Database/Eloquent/Builder.php(1258): Illuminate/Database/Eloquent/Model->save()
#11 C:/010011/projects/DELTA project/back-end/vendor/laravel/framework/src/Illuminate/Support/helpers.php(393): Illuminate/Database/Eloquent/Builder->{closure:Illuminate/Database/Eloquent/Builder::create():1257}(Object(Spatie/Permission/Models/Permission))
#12 C:/010011/projects/DELTA project/back-end/vendor/laravel/framework/src/Illuminate/Database/Eloquent/Builder.php(1257): tap(Object(Spatie/Permission/Models/Permission), Object(Closure))
#13 C:/010011/projects/DELTA project/back-end/vendor/spatie/laravel-permission/src/Models/Permission.php(146): Illuminate/Database/Eloquent/Builder->create(Array)
#14 C:/010011/projects/DELTA project/back-end/database/seeders/RolePermissionSeeder.php(31): Spatie/Permission/Models/Permission::findOrCreate('create-opportun...', 'web')
#15 C:/010011/projects/DELTA project/back-end/vendor/laravel/framework/src/Illuminate/Container/BoundMethod.php(36): Database/Seeders/RolePermissionSeeder->run()
#16 C:/010011/projects/DELTA project/back-end/vendor/laravel/framework/src/Illuminate/Container/Util.php(43): Illuminate/Container/BoundMethod::{closure:Illuminate/Container/BoundMethod::call():35}()
#17 C:/010011/projects/DELTA project/back-end/vendor/laravel/framework/src/Illuminate/Container/BoundMethod.php(96): Illuminate/Container/Util::unwrapIfClosure(Object(Closure))
#18 C:/010011/projects/DELTA project/back-end/vendor/laravel/framework/src/Illuminate/Container/BoundMethod.php(35): Illuminate/Container/BoundMethod::callBoundMethod(Object(Illuminate/Foundation/Application), Array, Object(Closure))
#19 C:/010011/projects/DELTA project/back-end/vendor/laravel/framework/src/Illuminate/Container/Container.php(803): Illuminate/Container/BoundMethod::call(Object(Illuminate/Foundation/Application), Array, Array, NULL)
#20 C:/010011/projects/DELTA project/back-end/vendor/laravel/framework/src/Illuminate/Database/Seeder.php(184): Illuminate/Container/Container->call(Array, Array)
#21 C:/010011/projects/DELTA project/back-end/vendor/laravel/framework/src/Illuminate/Database/Seeder.php(191): Illuminate/Database/Seeder->{closure:Illuminate/Database/Seeder::__invoke():183}()
#22 C:/010011/projects/DELTA project/back-end/vendor/laravel/framework/src/Illuminate/Database/Seeder.php(59): Illuminate/Database/Seeder->__invoke(Array)
#23 C:/010011/projects/DELTA project/back-end/database/seeders/DatabaseSeeder.php(18): Illuminate/Database/Seeder->call('Database//Seeder...')
#24 C:/010011/projects/DELTA project/back-end/vendor/laravel/framework/src/Illuminate/Container/BoundMethod.php(36): Database/Seeders/DatabaseSeeder->run()
#25 C:/010011/projects/DELTA project/back-end/vendor/laravel/framework/src/Illuminate/Container/Util.php(43): Illuminate/Container/BoundMethod::{closure:Illuminate/Container/BoundMethod::call():35}()
#26 C:/010011/projects/DELTA project/back-end/vendor/laravel/framework/src/Illuminate/Container/BoundMethod.php(96): Illuminate/Container/Util::unwrapIfClosure(Object(Closure))
#27 C:/010011/projects/DELTA project/back-end/vendor/laravel/framework/src/Illuminate/Container/BoundMethod.php(35): Illuminate/Container/BoundMethod::callBoundMethod(Object(Illuminate/Foundation/Application), Array, Object(Closure))
#28 C:/010011/projects/DELTA project/back-end/vendor/laravel/framework/src/Illuminate/Container/Container.php(803): Illuminate/Container/BoundMethod::call(Object(Illuminate/Foundation/Application), Array, Array, NULL)
#29 C:/010011/projects/DELTA project/back-end/vendor/laravel/framework/src/Illuminate/Database/Seeder.php(184): Illuminate/Container/Container->call(Array, Array)
#30 C:/010011/projects/DELTA project/back-end/vendor/laravel/framework/src/Illuminate/Database/Eloquent/Concerns/HasEvents.php(456): Illuminate/Database/Seeder->{closure:Illuminate/Database/Seeder::__invoke():183}()
#31 C:/010011/projects/DELTA project/back-end/vendor/laravel/framework/src/Illuminate/Database/Console/Seeds/WithoutModelEvents.php(17): Illuminate/Database/Eloquent/Model::withoutEvents(Object(Closure))
#32 C:/010011/projects/DELTA project/back-end/vendor/laravel/framework/src/Illuminate/Database/Seeder.php(191): Database/Seeders/DatabaseSeeder->{closure:Illuminate/Database/Console/Seeds/WithoutModelEvents::withoutModelEvents():17}()
#33 C:/010011/projects/DELTA project/back-end/vendor/laravel/framework/src/Illuminate/Database/Console/Seeds/SeedCommand.php(89): Illuminate/Database/Seeder->__invoke()
#34 C:/010011/projects/DELTA project/back-end/vendor/laravel/framework/src/Illuminate/Database/Eloquent/Concerns/GuardsAttributes.php(188): Illuminate/Database/Console/Seeds/SeedCommand->{closure:Illuminate/Database/Console/Seeds/SeedCommand::handle():88}()
#35 C:/010011/projects/DELTA project/back-end/vendor/laravel/framework/src/Illuminate/Database/Console/Seeds/SeedCommand.php(88): Illuminate/Database/Eloquent/Model::unguarded(Object(Closure))
#36 C:/010011/projects/DELTA project/back-end/vendor/laravel/framework/src/Illuminate/Container/BoundMethod.php(36): Illuminate/Database/Console/Seeds/SeedCommand->handle()
#37 C:/010011/projects/DELTA project/back-end/vendor/laravel/framework/src/Illuminate/Container/Util.php(43): Illuminate/Container/BoundMethod::{closure:Illuminate/Container/BoundMethod::call():35}()
#38 C:/010011/projects/DELTA project/back-end/vendor/laravel/framework/src/Illuminate/Container/BoundMethod.php(96): Illuminate/Container/Util::unwrapIfClosure(Object(Closure))
#39 C:/010011/projects/DELTA project/back-end/vendor/laravel/framework/src/Illuminate/Container/BoundMethod.php(35): Illuminate/Container/BoundMethod::callBoundMethod(Object(Illuminate/Foundation/Application), Array, Object(Closure))
#40 C:/010011/projects/DELTA project/back-end/vendor/laravel/framework/src/Illuminate/Container/Container.php(803): Illuminate/Container/BoundMethod::call(Object(Illuminate/Foundation/Application), Array, Array, NULL)
#41 C:/010011/projects/DELTA project/back-end/vendor/laravel/framework/src/Illuminate/Console/Command.php(292): Illuminate/Container/Container->call(Array)
#42 C:/010011/projects/DELTA project/back-end/vendor/symfony/console/Command/Command.php(285): Illuminate/Console/Command->execute(Object(Symfony/Component/Console/Input/ArgvInput), Object(Illuminate/Console/OutputStyle))
#43 C:/010011/projects/DELTA project/back-end/vendor/laravel/framework/src/Illuminate/Console/Command.php(261): Symfony/Component/Console/Command/Command->run(Object(Symfony/Component/Console/Input/ArgvInput), Object(Illuminate/Console/OutputStyle))
#44 C:/010011/projects/DELTA project/back-end/vendor/symfony/console/Application.php(1144): Illuminate/Console/Command->run(Object(Symfony/Component/Console/Input/ArgvInput), Object(Symfony/Component/Console/Output/ConsoleOutput))
#45 C:/010011/projects/DELTA project/back-end/vendor/symfony/console/Application.php(379): Symfony/Component/Console/Application->doRunCommand(Object(Illuminate/Database/Console/Seeds/SeedCommand), Object(Symfony/Component/Console/Input/ArgvInput), Object(Symfony/Component/Console/Output/ConsoleOutput))
#46 C:/010011/projects/DELTA project/back-end/vendor/symfony/console/Application.php(218): Symfony/Component/Console/Application->doRun(Object(Symfony/Component/Console/Input/ArgvInput), Object(Symfony/Component/Console/Output/ConsoleOutput))
#47 C:/010011/projects/DELTA project/back-end/vendor/laravel/framework/src/Illuminate/Foundation/Console/Kernel.php(198): Symfony/Component/Console/Application->run(Object(Symfony/Component/Console/Input/ArgvInput), Object(Symfony/Component/Console/Output/ConsoleOutput))
#48 C:/010011/projects/DELTA project/back-end/vendor/laravel/framework/src/Illuminate/Foundation/Application.php(1242): Illuminate/Foundation/Console/Kernel->handle(Object(Symfony/Component/Console/Input/ArgvInput), Object(Symfony/Component/Console/Output/ConsoleOutput))
#49 C:/010011/projects/DELTA project/back-end/artisan(16): Illuminate/Foundation/Application->handleCommand(Object(Symfony/Component/Console/Input/ArgvInput))
#50 {main}
"} 
[2026-09-04 07:56:37] local.ERROR: Trait "App\Models\HasApiTokens" not found {"exception":"[object] (Error(code: 0): Trait \"App\\Models\\HasApiTokens\" not found at C:/010011/projects/DELTA project/back-end/app/Models/User.php:16)
[stacktrace]
#0 C:/010011/projects/DELTA project/back-end/vendor/composer/ClassLoader.php(576): include()
#1 C:/010011/projects/DELTA project/back-end/vendor/composer/ClassLoader.php(427): {closure:Composer/Autoload/ClassLoader::initializeIncludeClosure():575}('C://010011//proje...')
#2 C:/010011/projects/DELTA project/back-end/database/seeders/DatabaseSeeder.php(20): Composer/Autoload/ClassLoader->loadClass('App//Models//User')
#3 C:/010011/projects/DELTA project/back-end/vendor/laravel/framework/src/Illuminate/Container/BoundMethod.php(36): Database/Seeders/DatabaseSeeder->run()
#4 C:/010011/projects/DELTA project/back-end/vendor/laravel/framework/src/Illuminate/Container/Util.php(43): Illuminate/Container/BoundMethod::{closure:Illuminate/Container/BoundMethod::call():35}()
#5 C:/010011/projects/DELTA project/back-end/vendor/laravel/framework/src/Illuminate/Container/BoundMethod.php(96): Illuminate/Container/Util::unwrapIfClosure(Object(Closure))
#6 C:/010011/projects/DELTA project/back-end/vendor/laravel/framework/src/Illuminate/Container/BoundMethod.php(35): Illuminate/Container/BoundMethod::callBoundMethod(Object(Illuminate/Foundation/Application), Array, Object(Closure))
#7 C:/010011/projects/DELTA project/back-end/vendor/laravel/framework/src/Illuminate/Container/Container.php(803): Illuminate/Container/BoundMethod::call(Object(Illuminate/Foundation/Application), Array, Array, NULL)
#8 C:/010011/projects/DELTA project/back-end/vendor/laravel/framework/src/Illuminate/Database/Seeder.php(184): Illuminate/Container/Container->call(Array, Array)
#9 C:/010011/projects/DELTA project/back-end/vendor/laravel/framework/src/Illuminate/Database/Eloquent/Concerns/HasEvents.php(456): Illuminate/Database/Seeder->{closure:Illuminate/Database/Seeder::__invoke():183}()
#10 C:/010011/projects/DELTA project/back-end/vendor/laravel/framework/src/Illuminate/Database/Console/Seeds/WithoutModelEvents.php(17): Illuminate/Database/Eloquent/Model::withoutEvents(Object(Closure))
#11 C:/010011/projects/DELTA project/back-end/vendor/laravel/framework/src/Illuminate/Database/Seeder.php(191): Database/Seeders/DatabaseSeeder->{closure:Illuminate/Database/Console/Seeds/WithoutModelEvents::withoutModelEvents():17}()
#12 C:/010011/projects/DELTA project/back-end/vendor/laravel/framework/src/Illuminate/Database/Console/Seeds/SeedCommand.php(89): Illuminate/Database/Seeder->__invoke()
#13 C:/010011/projects/DELTA project/back-end/vendor/laravel/framework/src/Illuminate/Database/Eloquent/Concerns/GuardsAttributes.php(188): Illuminate/Database/Console/Seeds/SeedCommand->{closure:Illuminate/Database/Console/Seeds/SeedCommand::handle():88}()
#14 C:/010011/projects/DELTA project/back-end/vendor/laravel/framework/src/Illuminate/Database/Console/Seeds/SeedCommand.php(88): Illuminate/Database/Eloquent/Model::unguarded(Object(Closure))
#15 C:/010011/projects/DELTA project/back-end/vendor/laravel/framework/src/Illuminate/Container/BoundMethod.php(36): Illuminate/Database/Console/Seeds/SeedCommand->handle()
#16 C:/010011/projects/DELTA project/back-end/vendor/laravel/framework/src/Illuminate/Container/Util.php(43): Illuminate/Container/BoundMethod::{closure:Illuminate/Container/BoundMethod::call():35}()
#17 C:/010011/projects/DELTA project/back-end/vendor/laravel/framework/src/Illuminate/Container/BoundMethod.php(96): Illuminate/Container/Util::unwrapIfClosure(Object(Closure))
#18 C:/010011/projects/DELTA project/back-end/vendor/laravel/framework/src/Illuminate/Container/BoundMethod.php(35): Illuminate/Container/BoundMethod::callBoundMethod(Object(Illuminate/Foundation/Application), Array, Object(Closure))
#19 C:/010011/projects/DELTA project/back-end/vendor/laravel/framework/src/Illuminate/Container/Container.php(803): Illuminate/Container/BoundMethod::call(Object(Illuminate/Foundation/Application), Array, Array, NULL)
#20 C:/010011/projects/DELTA project/back-end/vendor/laravel/framework/src/Illuminate/Console/Command.php(292): Illuminate/Container/Container->call(Array)
#21 C:/010011/projects/DELTA project/back-end/vendor/symfony/console/Command/Command.php(285): Illuminate/Console/Command->execute(Object(Symfony/Component/Console/Input/ArgvInput), Object(Illuminate/Console/OutputStyle))
#22 C:/010011/projects/DELTA project/back-end/vendor/laravel/framework/src/Illuminate/Console/Command.php(261): Symfony/Component/Console/Command/Command->run(Object(Symfony/Component/Console/Input/ArgvInput), Object(Illuminate/Console/OutputStyle))
#23 C:/010011/projects/DELTA project/back-end/vendor/symfony/console/Application.php(1144): Illuminate/Console/Command->run(Object(Symfony/Component/Console/Input/ArgvInput), Object(Symfony/Component/Console/Output/ConsoleOutput))
#24 C:/010011/projects/DELTA project/back-end/vendor/symfony/console/Application.php(379): Symfony/Component/Console/Application->doRunCommand(Object(Illuminate/Database/Console/Seeds/SeedCommand), Object(Symfony/Component/Console/Input/ArgvInput), Object(Symfony/Component/Console/Output/ConsoleOutput))
#25 C:/010011/projects/DELTA project/back-end/vendor/symfony/console/Application.php(218): Symfony/Component/Console/Application->doRun(Object(Symfony/Component/Console/Input/ArgvInput), Object(Symfony/Component/Console/Output/ConsoleOutput))
#26 C:/010011/projects/DELTA project/back-end/vendor/laravel/framework/src/Illuminate/Foundation/Console/Kernel.php(198): Symfony/Component/Console/Application->run(Object(Symfony/Component/Console/Input/ArgvInput), Object(Symfony/Component/Console/Output/ConsoleOutput))
#27 C:/010011/projects/DELTA project/back-end/vendor/laravel/framework/src/Illuminate/Foundation/Application.php(1242): Illuminate/Foundation/Console/Kernel->handle(Object(Symfony/Component/Console/Input/ArgvInput), Object(Symfony/Component/Console/Output/ConsoleOutput))
#28 C:/010011/projects/DELTA project/back-end/artisan(16): Illuminate/Foundation/Application->handleCommand(Object(Symfony/Component/Console/Input/ArgvInput))
#29 {main}
"} 
